  using 8 OpenMP thread(s) per MPI task
using multi-threaded neighbor list subroutines
Lattice spacing in x,y,z = 4.08165 4.08165 4.08165
Created orthogonal box = (-16.3266 -16.3266 -16.3266) to (16.3266 16.3266 16.3266)
  1 by 1 by 1 MPI processor grid
Created 2048 atoms
  using lattice units in orthogonal box = (-16.3266 -16.3266 -16.3266) to (16.3266 16.3266 16.3266)
  create_atoms CPU = 0.001 seconds
Reading eam/alloy potential file Al_zhou.eam.alloy with DATE: 2007-10-12
Last active /omp style is pair_style eam/alloy/omp
Neighbor list info ...
  update: every = 1 steps, delay = 0 steps, check = yes
  max neighbors/atom: 2000, page size: 100000
  master list distance cutoff = 12.1025
  ghost atom cutoff = 12.1025
  binsize = 6.05125, bins = 6 6 6
  1 neighbor lists, perpetual/occasional/extra = 1 0 0
  (1) pair eam/alloy/omp, perpetual
      attributes: half, newton on, omp
      pair build: half/bin/atomonly/newton/omp
      stencil: half/bin/3d
      bin: standard
Setting up Verlet run ...
  Unit style    : metal
  Current step  : 0
  Time step     : 0.001
Per MPI rank memory allocation (min/avg/max) = 9.903 | 9.903 | 9.903 Mbytes
   Step         PotEng         Press          Fnorm     
         0  -7331.8373      3.4796678      2.894764e-13 
Loop time of 2.415e-06 on 8 procs for 0 steps with 2048 atoms

1 atoms in group central
Displacing atoms ...
Created 1 atoms
  using lattice units in orthogonal box = (-16.3266 -16.3266 -16.3266) to (16.3266 16.3266 16.3266)
  create_atoms CPU = 0.000 seconds
Last active /omp style is pair_style eam/alloy/omp
Setting up cg style minimization ...
  Unit style    : metal
  Current step  : 0
Per MPI rank memory allocation (min/avg/max) = 11.03 | 11.03 | 11.03 Mbytes
   Step         PotEng         Press          Fnorm     
         0  -7330.6815      726.11833      9.7544033    
        10  -7333.6539      651.18825      0.060928185  
        19  -7333.6552      653.33488      0.0011929777 
Loop time of 0.0351685 on 8 procs for 19 steps with 2049 atoms

820.1% CPU use with 1 MPI tasks x 8 OpenMP threads

Minimization stats:
  Stopping criterion = energy tolerance
  Energy initial, next-to-last, final = 
     -7330.68151613312  -7333.65515950138  -7333.65515992914
  Force two-norm initial, final = 9.7544033 0.0011929777
  Force max component initial, final = 6.404073 9.7270363e-05
  Final line search alpha, max atom move = 1 9.7270363e-05
  Iterations, force evaluations = 19 34

MPI task timing breakdown:
Section |  min time  |  avg time  |  max time  |%varavg| %total
---------------------------------------------------------------
Pair    | 0.032869   | 0.032869   | 0.032869   |   0.0 | 93.46
Neigh   | 0          | 0          | 0          |   0.0 |  0.00
Comm    | 0.0010178  | 0.0010178  | 0.0010178  |   0.0 |  2.89
Output  | 2.0689e-05 | 2.0689e-05 | 2.0689e-05 |   0.0 |  0.06
Modify  | 0.00050195 | 0.00050195 | 0.00050195 |   0.0 |  1.43
Other   |            | 0.0007593  |            |       |  2.16

Nlocal:           2049 ave        2049 max        2049 min
Histogram: 1 0 0 0 0 0 0 0 0 0
Nghost:           8928 ave        8928 max        8928 min
Histogram: 1 0 0 0 0 0 0 0 0 0
Neighs:         438703 ave      438703 max      438703 min
Histogram: 1 0 0 0 0 0 0 0 0 0

Total # of neighbors = 438703
Ave neighs/atom = 214.10591
Neighbor list builds = 0
Dangerous builds = 0
--------------------------------------------
Atoms in the perfect cell       = 2048
Interstitial formation energy   = 1.7621 eV
--------------------------------------------
System init for write_data ...
Last active /omp style is pair_style eam/alloy/omp
