  using 8 OpenMP thread(s) per MPI task
using multi-threaded neighbor list subroutines
Lattice spacing in x,y,z = 4.08165 4.08165 4.08165
Created orthogonal box = (-8.1633 -8.1633 -8.1633) to (8.1633 8.1633 8.1633)
  1 by 1 by 1 MPI processor grid
Created 256 atoms
  using lattice units in orthogonal box = (-8.1633 -8.1633 -8.1633) to (8.1633 8.1633 8.1633)
  create_atoms CPU = 0.001 seconds
Reading eam/alloy potential file Al_zhou.eam.alloy with DATE: 2007-10-12
Last active /omp style is pair_style eam/alloy/omp
Neighbor list info ...
  update: every = 1 steps, delay = 0 steps, check = yes
  max neighbors/atom: 2000, page size: 100000
  master list distance cutoff = 12.1025
  ghost atom cutoff = 12.1025
  binsize = 6.05125, bins = 3 3 3
  1 neighbor lists, perpetual/occasional/extra = 1 0 0
  (1) pair eam/alloy/omp, perpetual
      attributes: half, newton on, omp
      pair build: half/bin/atomonly/newton/omp
      stencil: half/bin/3d
      bin: standard
Setting up Verlet run ...
  Unit style    : metal
  Current step  : 0
  Time step     : 0.001
Per MPI rank memory allocation (min/avg/max) = 9.67 | 9.67 | 9.67 Mbytes
   Step         PotEng         Press          Fnorm     
         0  -916.47966      3.4796678      3.2263655e-14
Loop time of 1.152e-06 on 8 procs for 0 steps with 256 atoms

1 atoms in group central
Displacing atoms ...
Created 1 atoms
  using lattice units in orthogonal box = (-8.1633 -8.1633 -8.1633) to (8.1633 8.1633 8.1633)
  create_atoms CPU = 0.000 seconds
Last active /omp style is pair_style eam/alloy/omp
Setting up cg style minimization ...
  Unit style    : metal
  Current step  : 0
Per MPI rank memory allocation (min/avg/max) = 10.79 | 10.79 | 10.79 Mbytes
   Step         PotEng         Press          Fnorm     
         0  -915.32392      5784.5889      9.7544026    
        10  -918.27613      5132.8501      0.018811058  
        18  -918.27625      5130.2808      0.00023639897
Loop time of 0.00622764 on 8 procs for 18 steps with 257 atoms

949.3% CPU use with 1 MPI tasks x 8 OpenMP threads

Minimization stats:
  Stopping criterion = energy tolerance
  Energy initial, next-to-last, final = 
     -915.323917656431   -918.27625425177  -918.276254266858
  Force two-norm initial, final = 9.7544026 0.00023639897
  Force max component initial, final = 6.404073 9.6409195e-05
  Final line search alpha, max atom move = 1 9.6409195e-05
  Iterations, force evaluations = 18 32

MPI task timing breakdown:
Section |  min time  |  avg time  |  max time  |%varavg| %total
---------------------------------------------------------------
Pair    | 0.0054652  | 0.0054652  | 0.0054652  |   0.0 | 87.76
Neigh   | 0          | 0          | 0          |   0.0 |  0.00
Comm    | 0.00043387 | 0.00043387 | 0.00043387 |   0.0 |  6.97
Output  | 3.0027e-05 | 3.0027e-05 | 3.0027e-05 |   0.0 |  0.48
Modify  | 0.00018214 | 0.00018214 | 0.00018214 |   0.0 |  2.92
Other   |            | 0.0001164  |            |       |  1.87

Nlocal:            257 ave         257 max         257 min
Histogram: 1 0 0 0 0 0 0 0 0 0
Nghost:           3770 ave        3770 max        3770 min
Histogram: 1 0 0 0 0 0 0 0 0 0
Neighs:          55215 ave       55215 max       55215 min
Histogram: 1 0 0 0 0 0 0 0 0 0

Total # of neighbors = 55215
Ave neighs/atom = 214.84436
Neighbor list builds = 0
Dangerous builds = 0
--------------------------------------------
Atoms in the perfect cell       = 256
Interstitial formation energy   = 1.7834 eV
--------------------------------------------
System init for write_data ...
Last active /omp style is pair_style eam/alloy/omp
