  using 8 OpenMP thread(s) per MPI task
using multi-threaded neighbor list subroutines
Lattice spacing in x,y,z = 4.08165 4.08165 4.08165
Created orthogonal box = (-8.1633 -8.1633 -8.1633) to (8.1633 8.1633 8.1633)
  1 by 1 by 1 MPI processor grid
Created 256 atoms
  using lattice units in orthogonal box = (-8.1633 -8.1633 -8.1633) to (8.1633 8.1633 8.1633)
  create_atoms CPU = 0.001 seconds
Reading eam/alloy potential file Al_zhou.eam.alloy with DATE: 2007-10-12
Last active /omp style is pair_style eam/alloy/omp
Neighbor list info ...
  update: every = 1 steps, delay = 0 steps, check = yes
  max neighbors/atom: 2000, page size: 100000
  master list distance cutoff = 12.1025
  ghost atom cutoff = 12.1025
  binsize = 6.05125, bins = 3 3 3
  1 neighbor lists, perpetual/occasional/extra = 1 0 0
  (1) pair eam/alloy/omp, perpetual
      attributes: half, newton on, omp
      pair build: half/bin/atomonly/newton/omp
      stencil: half/bin/3d
      bin: standard
Setting up Verlet run ...
  Unit style    : metal
  Current step  : 0
  Time step     : 0.001
Per MPI rank memory allocation (min/avg/max) = 9.67 | 9.67 | 9.67 Mbytes
   Step         PotEng         Press          Fnorm     
         0  -916.47966      3.4796678      3.2263655e-14
Loop time of 1.142e-06 on 8 procs for 0 steps with 256 atoms

Deleted 1 atoms, new total = 255
Deleted 1 atom(s)
Last active /omp style is pair_style eam/alloy/omp
Setting up cg style minimization ...
  Unit style    : metal
  Current step  : 0
Per MPI rank memory allocation (min/avg/max) = 10.79 | 10.79 | 10.79 Mbytes
   Step         PotEng         Press          Fnorm     
         0  -912.09263     -1108.7229      0.78375727   
         8  -912.18197     -1360.1793      0.00023283716
Loop time of 0.00349121 on 8 procs for 8 steps with 255 atoms

767.2% CPU use with 1 MPI tasks x 8 OpenMP threads

Minimization stats:
  Stopping criterion = energy tolerance
  Energy initial, next-to-last, final = 
     -912.092629284638   -912.18197100988  -912.181971061472
  Force two-norm initial, final = 0.78375727 0.00023283716
  Force max component initial, final = 0.15784941 3.385907e-05
  Final line search alpha, max atom move = 1 3.385907e-05
  Iterations, force evaluations = 8 16

MPI task timing breakdown:
Section |  min time  |  avg time  |  max time  |%varavg| %total
---------------------------------------------------------------
Pair    | 0.0031533  | 0.0031533  | 0.0031533  |   0.0 | 90.32
Neigh   | 0          | 0          | 0          |   0.0 |  0.00
Comm    | 0.00018882 | 0.00018882 | 0.00018882 |   0.0 |  5.41
Output  | 0          | 0          | 0          |   0.0 |  0.00
Modify  | 8.3358e-05 | 8.3358e-05 | 8.3358e-05 |   0.0 |  2.39
Other   |            | 6.574e-05  |            |       |  1.88

Nlocal:            255 ave         255 max         255 min
Histogram: 1 0 0 0 0 0 0 0 0 0
Nghost:           3718 ave        3718 max        3718 min
Histogram: 1 0 0 0 0 0 0 0 0 0
Neighs:          54356 ave       54356 max       54356 min
Histogram: 1 0 0 0 0 0 0 0 0 0

Total # of neighbors = 54356
Ave neighs/atom = 213.16078
Neighbor list builds = 0
Dangerous builds = 0
--------------------------------------------
Atoms in the perfect cell  = 256
Vacancy formation energy   = 0.7177 eV
--------------------------------------------
